Child retruned 1 --config experiment/clean/GTSRB_vit_base_patch16_224.augreg2_in21k_ft_in1k.yaml
Child retruned 1 --config experiment/clean/GTSRB_densenet121.ra_in1k.yaml
Child retruned 1 --config experiment/clean/CIFAR100_vgg19.tv_in1k.yaml
Child retruned 0 --config experiment/clean/CIFAR10_mobilenetv3_small_050.lamb_in1k.yaml
Child retruned 1 --config experiment/clean/FashionMNIST_vit_base_patch16_224.augreg2_in21k_ft_in1k.yaml
Child retruned 1 --config experiment/clean/tiny-imagenet_densenet121.ra_in1k.yaml
Child retruned 1 --config experiment/clean/CIFAR10_vgg19.tv_in1k.yaml
Child retruned 1 --config experiment/clean/CIFAR100_vit_base_patch16_224.augreg2_in21k_ft_in1k.yaml
Child retruned 1 --config experiment/clean/tiny-imagenet_beit_base_patch16_384.in22k_ft_in22k_in1k.yaml
Child retruned 1 --config experiment/clean/CIFAR100_resnet50.a1_in1k.yaml
Child retruned 1 --config experiment/clean/FashionMNIST_resnet50.a1_in1k.yaml
Child retruned 1 --config experiment/clean/FashionMNIST_vgg19.tv_in1k.yaml
Child retruned 1 --config experiment/clean/CIFAR10_beit_base_patch16_384.in22k_ft_in22k_in1k.yaml
Child retruned 1 --config experiment/clean/CIFAR10_densenet121.ra_in1k.yaml
Child retruned 1 --config experiment/clean/GTSRB_mobilenetv3_small_050.lamb_in1k.yaml
Child retruned 1 --config experiment/clean/FashionMNIST_mobilenetv3_small_050.lamb_in1k.yaml
Child retruned 1 --config experiment/clean/tiny-imagenet_vgg19.tv_in1k.yaml
Child retruned 1 --config experiment/clean/tiny-imagenet_mobilenetv3_small_050.lamb_in1k.yaml
Child retruned 1 --config experiment/clean/CIFAR100_densenet121.ra_in1k.yaml
Child retruned 1 --config experiment/clean/CIFAR100_beit_base_patch16_384.in22k_ft_in22k_in1k.yaml
Child retruned 1 --config experiment/clean/tiny-imagenet_vit_base_patch16_224.augreg2_in21k_ft_in1k.yaml
Child retruned 1 --config experiment/clean/FashionMNIST_densenet121.ra_in1k.yaml
Child retruned 1 --config experiment/clean/FashionMNIST_beit_base_patch16_384.in22k_ft_in22k_in1k.yaml
Child retruned 1 --config experiment/clean/GTSRB_beit_base_patch16_384.in22k_ft_in22k_in1k.yaml
Child retruned 1 --config experiment/clean/CIFAR10_resnet50.a1_in1k.yaml
Child retruned 1 --config experiment/clean/tiny-imagenet_resnet50.a1_in1k.yaml
Child retruned 1 --config experiment/clean/GTSRB_vgg19.tv_in1k.yaml
Child retruned 0 --config experiment/clean/CIFAR100_mobilenetv3_small_050.lamb_in1k.yaml
Child retruned 1 --config experiment/clean/GTSRB_resnet50.a1_in1k.yaml
Child retruned 1 --config experiment/clean/CIFAR10_vit_base_patch16_224.augreg2_in21k_ft_in1k.yaml
Child retruned 1 --config experiment/clean/GTSRB_vit_base_patch16_224.augreg2_in21k_ft_in1k.yaml
Child retruned 1 --config experiment/clean/GTSRB_densenet121.ra_in1k.yaml
Child retruned 1 --config experiment/clean/CIFAR100_vgg19.tv_in1k.yaml
Child retruned 0 --config experiment/clean/CIFAR10_mobilenetv3_small_050.lamb_in1k.yaml
Child retruned 1 --config experiment/clean/FashionMNIST_vit_base_patch16_224.augreg2_in21k_ft_in1k.yaml
Child retruned 1 --config experiment/clean/tiny-imagenet_densenet121.ra_in1k.yaml
Child retruned 1 --config experiment/clean/CIFAR10_vgg19.tv_in1k.yaml
Child retruned 1 --config experiment/clean/CIFAR100_vit_base_patch16_224.augreg2_in21k_ft_in1k.yaml
Child retruned 1 --config experiment/clean/tiny-imagenet_beit_base_patch16_384.in22k_ft_in22k_in1k.yaml
Child retruned 1 --config experiment/clean/CIFAR100_resnet50.a1_in1k.yaml
Child retruned 1 --config experiment/clean/FashionMNIST_resnet50.a1_in1k.yaml
Child retruned 1 --config experiment/clean/FashionMNIST_vgg19.tv_in1k.yaml
Child retruned 1 --config experiment/clean/CIFAR10_beit_base_patch16_384.in22k_ft_in22k_in1k.yaml
Child retruned 1 --config experiment/clean/CIFAR10_densenet121.ra_in1k.yaml
Child retruned 1 --config experiment/clean/GTSRB_mobilenetv3_small_050.lamb_in1k.yaml
Child retruned 1 --config experiment/clean/FashionMNIST_mobilenetv3_small_050.lamb_in1k.yaml
Child retruned 1 --config experiment/clean/tiny-imagenet_vgg19.tv_in1k.yaml
Child retruned 1 --config experiment/clean/tiny-imagenet_mobilenetv3_small_050.lamb_in1k.yaml
Child retruned 1 --config experiment/clean/CIFAR100_densenet121.ra_in1k.yaml
Child retruned 1 --config experiment/clean/CIFAR100_beit_base_patch16_384.in22k_ft_in22k_in1k.yaml
Child retruned 1 --config experiment/clean/tiny-imagenet_vit_base_patch16_224.augreg2_in21k_ft_in1k.yaml
Child retruned 1 --config experiment/clean/FashionMNIST_densenet121.ra_in1k.yaml
Child retruned 1 --config experiment/clean/FashionMNIST_beit_base_patch16_384.in22k_ft_in22k_in1k.yaml
Child retruned 1 --config experiment/clean/GTSRB_beit_base_patch16_384.in22k_ft_in22k_in1k.yaml
Child retruned 1 --config experiment/clean/CIFAR10_resnet50.a1_in1k.yaml
Child retruned 1 --config experiment/clean/tiny-imagenet_resnet50.a1_in1k.yaml
Child retruned 1 --config experiment/clean/GTSRB_vgg19.tv_in1k.yaml
Child retruned 0 --config experiment/clean/CIFAR100_mobilenetv3_small_050.lamb_in1k.yaml
Child retruned 1 --config experiment/clean/GTSRB_resnet50.a1_in1k.yaml
Child retruned 1 --config experiment/clean/CIFAR10_vit_base_patch16_224.augreg2_in21k_ft_in1k.yaml
